\BOOKMARK [1][-]{section.1}{\376\377\000I\000n\000t\000r\000o\000d\000u\000z\000i\000o\000n\000e\000:\000\040\000P\000r\000o\000b\000l\000e\000m\000i\000\040\000n\000e\000l\000\040\000F\000e\000w\000-\000S\000h\000o\000t\000\040\000L\000e\000a\000r\000n\000i\000n\000g\000\040\000c\000o\000n\000\040\000C\000L\000I\000P}{}% 1
\BOOKMARK [1][-]{section.2}{\376\377\000P\000r\000e\000l\000i\000m\000i\000n\000a\000r\000i\000:\000\040\000C\000L\000I\000P\000\040\000e\000\040\000C\000l\000a\000s\000s\000i\000f\000i\000c\000a\000z\000i\000o\000n\000e\000\040\000F\000e\000w\000-\000S\000h\000o\000t}{}% 2
\BOOKMARK [1][-]{section.3}{\376\377\000T\000I\000M\000O\000:\000\040\000O\000t\000t\000i\000m\000i\000z\000z\000a\000z\000i\000o\000n\000e\000\040\000a\000\040\000G\000u\000i\000d\000a\000\040\000M\000u\000t\000u\000a\000\040\000T\000e\000s\000t\000o\000-\000I\000m\000m\000a\000g\000i\000n\000e}{}% 3
\BOOKMARK [2][-]{subsection.3.1}{\376\377\000T\000e\000x\000t\000-\000G\000u\000i\000d\000e\000d\000\040\000I\000m\000a\000g\000e\000\040\000\050\000T\000G\000I\000\051\000:\000\040\000G\000u\000i\000d\000a\000\040\000T\000e\000s\000t\000u\000a\000l\000e\000\040\000p\000e\000r\000\040\000l\000'\000I\000m\000m\000a\000g\000i\000n\000e}{section.3}% 4
\BOOKMARK [2][-]{subsection.3.2}{\376\377\000I\000m\000a\000g\000e\000-\000G\000u\000i\000d\000e\000d\000\040\000T\000e\000x\000t\000\040\000\050\000I\000G\000T\000\051\000:\000\040\000G\000u\000i\000d\000a\000\040\000V\000i\000s\000u\000a\000l\000e\000\040\000p\000e\000r\000\040\000i\000l\000\040\000T\000e\000s\000t\000o}{section.3}% 5
\BOOKMARK [2][-]{subsection.3.3}{\376\377\000C\000o\000m\000b\000i\000n\000a\000z\000i\000o\000n\000e\000\040\000i\000n\000\040\000T\000I\000M\000O}{section.3}% 6
\BOOKMARK [1][-]{section.4}{\376\377\000T\000I\000M\000O\000-\000S\000:\000\040\000V\000e\000r\000s\000i\000o\000n\000e\000\040\000M\000i\000g\000l\000i\000o\000r\000a\000t\000a\000\040\000d\000i\000\040\000T\000I\000M\000O}{}% 7
\BOOKMARK [1][-]{section.5}{\376\377\000D\000a\000t\000a\000s\000e\000t\000\040\000U\000t\000i\000l\000i\000z\000z\000a\000t\000o}{}% 8
\BOOKMARK [2][-]{subsection.5.1}{\376\377\000C\000o\000m\000p\000o\000s\000i\000z\000i\000o\000n\000e\000\040\000d\000e\000l\000\040\000D\000a\000t\000a\000s\000e\000t\000\040\000O\000r\000i\000g\000i\000n\000a\000l\000e}{section.5}% 9
\BOOKMARK [2][-]{subsection.5.2}{\376\377\000C\000r\000e\000a\000z\000i\000o\000n\000e\000\040\000d\000e\000l\000\040\000N\000u\000o\000v\000o\000\040\000D\000a\000t\000a\000s\000e\000t\000\040\000p\000e\000r\000\040\000l\000a\000\040\000S\000p\000e\000r\000i\000m\000e\000n\000t\000a\000z\000i\000o\000n\000e}{section.5}% 10
\BOOKMARK [2][-]{subsection.5.3}{\376\377\000R\000u\000o\000l\000o\000\040\000d\000e\000i\000\040\000P\000r\000o\000m\000p\000t\000\040\000T\000e\000s\000t\000u\000a\000l\000i\000\040\000G\000e\000n\000e\000r\000a\000t\000i\000\040\000d\000a\000\040\000L\000L\000M}{section.5}% 11
\BOOKMARK [1][-]{section.6}{\376\377\000R\000i\000s\000u\000l\000t\000a\000t\000i}{}% 12
\BOOKMARK [2][-]{subsection.6.1}{\376\377\000T\000a\000b\000e\000l\000l\000e\000\040\000d\000e\000i\000\040\000R\000i\000s\000u\000l\000t\000a\000t\000i}{section.6}% 13
\BOOKMARK [2][-]{subsection.6.2}{\376\377\000A\000n\000a\000l\000i\000s\000i\000\040\000d\000e\000i\000\040\000R\000i\000s\000u\000l\000t\000a\000t\000i}{section.6}% 14
\BOOKMARK [1][-]{section.7}{\376\377\000P\000r\000o\000p\000o\000s\000t\000a\000:\000\040\000S\000t\000y\000T\000I\000M\000O}{}% 15
\BOOKMARK [2][-]{subsection.7.1}{\376\377\000M\000o\000t\000i\000v\000a\000z\000i\000o\000n\000e}{section.7}% 16
\BOOKMARK [2][-]{subsection.7.2}{\376\377\000A\000r\000c\000h\000i\000t\000e\000t\000t\000u\000r\000a\000\040\000d\000i\000\040\000S\000t\000y\000T\000I\000M\000O}{section.7}% 17
\BOOKMARK [2][-]{subsection.7.3}{\376\377\000E\000s\000t\000r\000a\000z\000i\000o\000n\000e\000\040\000d\000e\000l\000l\000e\000\040\000F\000e\000a\000t\000u\000r\000e\000\040\000S\000t\000i\000l\000i\000s\000t\000i\000c\000h\000e\000\040\000c\000o\000n\000\040\000M\000a\000t\000r\000i\000c\000i\000\040\000d\000i\000\040\000G\000r\000a\000m}{section.7}% 18
\BOOKMARK [2][-]{subsection.7.4}{\376\377\000F\000u\000s\000i\000o\000n\000\040\000A\000d\000a\000p\000t\000e\000r\000\040\000c\000o\000n\000\040\000A\000r\000c\000h\000i\000t\000e\000t\000t\000u\000r\000a\000\040\000B\000o\000t\000t\000l\000e\000n\000e\000c\000k}{section.7}% 19
\BOOKMARK [2][-]{subsection.7.5}{\376\377\000F\000o\000r\000m\000u\000l\000a\000\040\000d\000i\000\040\000S\000t\000y\000T\000I\000M\000O}{section.7}% 20
\BOOKMARK [2][-]{subsection.7.6}{\376\377\000C\000o\000n\000c\000l\000u\000s\000i\000o\000n\000e}{section.7}% 21
\BOOKMARK [1][-]{appendix.Alph1}{\376\377\000P\000s\000e\000u\000d\000o\000-\000c\000o\000d\000i\000c\000e\000\040\000d\000i\000\040\000T\000I\000M\000O}{}% 22
