\BOOKMARK [1][-]{section.1}{\376\377\000I\000n\000t\000r\000o\000d\000u\000c\000t\000i\000o\000n}{}% 1
\BOOKMARK [1][-]{section.2}{\376\377\000R\000e\000l\000a\000t\000e\000d\000\040\000W\000o\000r\000k}{}% 2
\BOOKMARK [2][-]{subsection.2.1}{\376\377\000S\000t\000y\000l\000e\000\040\000T\000r\000a\000n\000s\000f\000e\000r}{section.2}% 3
\BOOKMARK [2][-]{subsection.2.2}{\376\377\000F\000e\000w\000-\000S\000h\000o\000t\000\040\000L\000e\000a\000r\000n\000i\000n\000g\000\040\000a\000n\000d\000\040\000M\000e\000t\000a\000-\000L\000e\000a\000r\000n\000i\000n\000g}{section.2}% 4
\BOOKMARK [2][-]{subsection.2.3}{\376\377\000C\000o\000n\000t\000r\000a\000s\000t\000i\000v\000e\000\040\000L\000a\000n\000g\000u\000a\000g\000e\000-\000I\000m\000a\000g\000e\000\040\000P\000r\000e\000t\000r\000a\000i\000n\000i\000n\000g}{section.2}% 5
\BOOKMARK [1][-]{section.3}{\376\377\000D\000a\000t\000a}{}% 6
\BOOKMARK [2][-]{subsection.3.1}{\376\377\000A\000r\000t\000G\000r\000a\000p\000h\000\040\000F\000e\000w\000-\000S\000h\000o\000t\000\040\000S\000u\000b\000s\000e\000t}{section.3}% 7
\BOOKMARK [2][-]{subsection.3.2}{\376\377\000A\000r\000t\000G\000r\000a\000p\000h\000\040\000S\000t\000y\000C\000L\000I\000P\000\040\000S\000u\000b\000s\000e\000t}{section.3}% 8
\BOOKMARK [1][-]{section.4}{\376\377\000B\000a\000c\000k\000g\000r\000o\000u\000n\000d\000:\000\040\000T\000I\000M\000O}{}% 9
\BOOKMARK [2][-]{subsection.4.1}{\376\377\000T\000e\000x\000t\000-\000G\000u\000i\000d\000e\000d\000\040\000I\000m\000a\000g\000e\000\040\000\050\000T\000G\000I\000\051}{section.4}% 10
\BOOKMARK [2][-]{subsection.4.2}{\376\377\000I\000m\000a\000g\000e\000-\000G\000u\000i\000d\000e\000d\000\040\000T\000e\000x\000t\000\040\000\050\000I\000G\000T\000\051}{section.4}% 11
\BOOKMARK [2][-]{subsection.4.3}{\376\377\000C\000o\000m\000b\000i\000n\000a\000t\000i\000o\000n}{section.4}% 12
\BOOKMARK [1][-]{section.5}{\376\377\000O\000u\000r\000\040\000A\000p\000p\000r\000o\000a\000c\000h\000:\000\040\000S\000t\000y\000C\000L\000I\000P}{}% 13
\BOOKMARK [2][-]{subsection.5.1}{\376\377\000S\000t\000y\000C\000L\000I\000P\000\040\000s\000t\000r\000u\000c\000t\000u\000r\000e}{section.5}% 14
\BOOKMARK [3][-]{subsubsection.5.1.1}{\376\377\000S\000t\000a\000n\000d\000a\000r\000d\000\040\000C\000L\000I\000P}{subsection.5.1}% 15
\BOOKMARK [3][-]{subsubsection.5.1.2}{\376\377\000S\000t\000y\000C\000L\000I\000P\000\040\000A\000r\000c\000h\000i\000t\000e\000c\000t\000u\000r\000e\000\040\000O\000v\000e\000r\000v\000i\000e\000w}{subsection.5.1}% 16
\BOOKMARK [1][-]{section.6}{\376\377\000E\000x\000p\000e\000r\000i\000m\000e\000n\000t\000s}{}% 17
\BOOKMARK [2][-]{subsection.6.1}{\376\377\000S\000t\000y\000C\000L\000I\000P\000\040\000h\000y\000p\000e\000r\000p\000a\000r\000a\000m\000e\000t\000e\000r\000s\000\040\000t\000u\000n\000i\000n\000g\000\040\000a\000n\000d\000\040\000t\000r\000a\000i\000n\000i\000n\000g}{section.6}% 18
\BOOKMARK [3][-]{subsubsection.6.1.1}{\376\377\000M\000e\000t\000a\000-\000L\000e\000a\000r\000n\000i\000n\000g\000\040\000T\000r\000a\000i\000n\000i\000n\000g\000\040\000P\000r\000o\000t\000o\000c\000o\000l}{subsection.6.1}% 19
\BOOKMARK [3][-]{subsubsection.6.1.2}{\376\377\000T\000r\000a\000i\000n\000i\000n\000g\000\040\000C\000o\000n\000f\000i\000g\000u\000r\000a\000t\000i\000o\000n}{subsection.6.1}% 20
\BOOKMARK [3][-]{subsubsection.6.1.3}{\376\377\000O\000p\000t\000i\000m\000i\000z\000a\000t\000i\000o\000n\000\040\000S\000t\000r\000a\000t\000e\000g\000y}{subsection.6.1}% 21
\BOOKMARK [2][-]{subsection.6.2}{\376\377\000E\000v\000a\000l\000u\000a\000t\000i\000o\000n\000\040\000o\000f\000\040\000d\000i\000f\000f\000e\000r\000e\000n\000t\000\040\000m\000o\000d\000e\000l\000s}{section.6}% 22
\BOOKMARK [3][-]{subsubsection.6.2.1}{\376\377\000E\000x\000p\000e\000r\000i\000m\000e\000n\000t\000a\000l\000\040\000P\000r\000o\000t\000o\000c\000o\000l}{subsection.6.2}% 23
\BOOKMARK [3][-]{subsubsection.6.2.2}{\376\377\000S\000t\000a\000t\000i\000s\000t\000i\000c\000a\000l\000\040\000R\000o\000b\000u\000s\000t\000n\000e\000s\000s}{subsection.6.2}% 24
\BOOKMARK [3][-]{subsubsection.6.2.3}{\376\377\000B\000a\000s\000e\000l\000i\000n\000e\000\040\000M\000e\000t\000h\000o\000d\000s}{subsection.6.2}% 25
\BOOKMARK [3][-]{subsubsection.6.2.4}{\376\377\000E\000v\000a\000l\000u\000a\000t\000i\000o\000n\000\040\000M\000e\000t\000r\000i\000c\000s}{subsection.6.2}% 26
\BOOKMARK [1][-]{section.7}{\376\377\000R\000e\000s\000u\000l\000t\000s}{}% 27
\BOOKMARK [2][-]{subsection.7.1}{\376\377\000H\000y\000p\000e\000r\000p\000a\000r\000a\000m\000e\000t\000e\000r\000\040\000O\000p\000t\000i\000m\000i\000z\000a\000t\000i\000o\000n\000\040\000R\000e\000s\000u\000l\000t\000s}{section.7}% 28
\BOOKMARK [2][-]{subsection.7.2}{\376\377\000E\000v\000a\000l\000u\000a\000t\000i\000o\000n\000\040\000R\000e\000s\000u\000l\000t\000s}{section.7}% 29
\BOOKMARK [2][-]{subsection.7.3}{\376\377\000S\000t\000a\000t\000i\000s\000t\000i\000c\000a\000l\000\040\000A\000n\000a\000l\000y\000s\000i\000s}{section.7}% 30
\BOOKMARK [2][-]{subsection.7.4}{\376\377\000D\000i\000s\000c\000u\000s\000s\000i\000o\000n}{section.7}% 31
\BOOKMARK [1][-]{section.8}{\376\377\000C\000o\000n\000c\000l\000u\000s\000i\000o\000n}{}% 32
\BOOKMARK [1][-]{section.9}{\376\377\000A\000c\000k\000n\000o\000w\000l\000e\000d\000g\000m\000e\000n\000t\000s}{}% 33
\BOOKMARK [1][-]{section*.13}{\376\377\000R\000e\000f\000e\000r\000e\000n\000c\000e\000s}{}% 34
